// Jest Snapshot v1, https://goo.gl/fbAQLP

exports[`MenuItem snapshots isLinkRouted == false 1`] = `
Array [
  <ForwardRef(render)
    styles={
      Object {
        "map": undefined,
        "name": "1n3w7e7-globalStyles-globalStyles",
        "next": undefined,
        "styles": "body{color:#222222,lineHeight 1.3em;font-size:18px;}input,textarea{border:2px solid #BBB;background:#f7f7f7;border-radius:5px;font-size:20px;}input,textarea{border:1px solid #BBB;background:#f7f7f7;font-size:1.1em;padding:4px 8px;}p,h1,h2,h3,h4,h5,h6,figure{margin:0;}h1,h2,h3,h4,h5,h6{color:#9B1518;}p{padding:.8em 0;line-height:1.4em;}h1{font-size:36px;margin:50px 0 40px;}h2{line-height:1.4em;font-size:30px;font-weight:600;margin:40px 0 30px;}h3{font-size:24px;font-weight:600;margin:30px 0 30px;}h4{line-height:1.3em;font-size:18px;}h5{font-size:12px;}h6{font-size:8px;}code{color:#D90000;font-size:14;}label:globalStyles;label:globalStyles;",
      }
    }
  />,
  <Root>
    <div
      className="css-u96gbo-Root e1uo4w6s0"
    >
      <EmotionCssPropInternal
        __EMOTION_LABEL_PLEASE_DO_NOT_USE__="AnchorTag"
        __EMOTION_TYPE_PLEASE_DO_NOT_USE__="a"
        css={[Function]}
        href="/some/test/path"
        rel="noopener noreferrer"
        target={null}
      >
        <a
          className="css-1566xl0-STYLES-STYLES"
          href="/some/test/path"
          rel="noopener noreferrer"
          target={null}
        >
          test label
        </a>
      </EmotionCssPropInternal>
    </div>
  </Root>,
]
`;

exports[`MenuItem snapshots isLinkRouted == true 1`] = `
Array [
  <ForwardRef(render)
    styles={
      Object {
        "map": undefined,
        "name": "1n3w7e7-globalStyles-globalStyles",
        "next": undefined,
        "styles": "body{color:#222222,lineHeight 1.3em;font-size:18px;}input,textarea{border:2px solid #BBB;background:#f7f7f7;border-radius:5px;font-size:20px;}input,textarea{border:1px solid #BBB;background:#f7f7f7;font-size:1.1em;padding:4px 8px;}p,h1,h2,h3,h4,h5,h6,figure{margin:0;}h1,h2,h3,h4,h5,h6{color:#9B1518;}p{padding:.8em 0;line-height:1.4em;}h1{font-size:36px;margin:50px 0 40px;}h2{line-height:1.4em;font-size:30px;font-weight:600;margin:40px 0 30px;}h3{font-size:24px;font-weight:600;margin:30px 0 30px;}h4{line-height:1.3em;font-size:18px;}h5{font-size:12px;}h6{font-size:8px;}code{color:#D90000;font-size:14;}label:globalStyles;label:globalStyles;",
      }
    }
  />,
  <Root>
    <div
      className="css-u96gbo-Root e1uo4w6s0"
    >
      <EmotionCssPropInternal
        __EMOTION_LABEL_PLEASE_DO_NOT_USE__="AnchorTag"
        __EMOTION_TYPE_PLEASE_DO_NOT_USE__={[Function]}
        css={[Function]}
        to="/some/test/path"
      >
        <a
          className="css-1566xl0-STYLES-STYLES"
          href="/some/test/path"
          onClick={[Function]}
        >
          test label
        </a>
      </EmotionCssPropInternal>
    </div>
  </Root>,
]
`;
