// Jest Snapshot v1, https://goo.gl/fbAQLP

exports[`TopNav should match snapshot 1`] = `
<RootHeader>
  <header
    className="css-13jirna-RootHeader e1isgil50"
  >
    <Root>
      <div
        className="css-14jo2cv-Root e5kh90j0"
      >
        <EmotionCssPropInternal
          __EMOTION_LABEL_PLEASE_DO_NOT_USE__="AnchorTag"
          __EMOTION_TYPE_PLEASE_DO_NOT_USE__={[Function]}
          css={
            Object {
              "textDecoration": "none",
            }
          }
          to="/"
        >
          <a
            className="css-oiop68-AnchorTag"
            href="/"
            onClick={[Function]}
          >
            <H3>
              <h3
                className="css-lf6xiw-H3 e5kh90j1"
              >
                Julian Hernandez
              </h3>
            </H3>
            <H6>
              <h6
                className="css-d1qjtf-H6 e5kh90j2"
              >
                Full Stack Software Developer
              </h6>
            </H6>
          </a>
        </EmotionCssPropInternal>
      </div>
    </Root>
    <Root>
      <div
        className="css-wjqisa-Root e1x2x8qm0"
      >
        <Root>
          <div
            className="css-u96gbo-Root e1uo4w6s0"
          >
            <EmotionCssPropInternal
              __EMOTION_LABEL_PLEASE_DO_NOT_USE__="AnchorTag"
              __EMOTION_TYPE_PLEASE_DO_NOT_USE__="a"
              css={[Function]}
              href="/one/path"
              rel="noopener noreferrer"
              target={null}
            >
              <a
                className="css-d3pkg8-STYLES-STYLES"
                href="/one/path"
                rel="noopener noreferrer"
                target={null}
              >
                label 1
              </a>
            </EmotionCssPropInternal>
          </div>
        </Root>
        <Root>
          <div
            className="css-u96gbo-Root e1uo4w6s0"
          >
            <EmotionCssPropInternal
              __EMOTION_LABEL_PLEASE_DO_NOT_USE__="AnchorTag"
              __EMOTION_TYPE_PLEASE_DO_NOT_USE__={[Function]}
              css={[Function]}
              to="/two/path"
            >
              <a
                className="css-d3pkg8-STYLES-STYLES"
                href="/two/path"
                onClick={[Function]}
              >
                label 2
              </a>
            </EmotionCssPropInternal>
          </div>
        </Root>
      </div>
    </Root>
  </header>
</RootHeader>
`;
