// Jest Snapshot v1, https://goo.gl/fbAQLP

exports[`TopNav should match snapshot 1`] = `
Array [
  <ForwardRef(render)
    styles={
      Object {
        "map": undefined,
        "name": "1n3w7e7-globalStyles-globalStyles",
        "next": undefined,
        "styles": "body{color:#222222,lineHeight 1.3em;font-size:18px;}input,textarea{border:2px solid #BBB;background:#f7f7f7;border-radius:5px;font-size:20px;}input,textarea{border:1px solid #BBB;background:#f7f7f7;font-size:1.1em;padding:4px 8px;}p,h1,h2,h3,h4,h5,h6,figure{margin:0;}h1,h2,h3,h4,h5,h6{color:#9B1518;}p{padding:.8em 0;line-height:1.4em;}h1{font-size:36px;margin:50px 0 40px;}h2{line-height:1.4em;font-size:30px;font-weight:600;margin:40px 0 30px;}h3{font-size:24px;font-weight:600;margin:30px 0 30px;}h4{line-height:1.3em;font-size:18px;}h5{font-size:12px;}h6{font-size:8px;}code{color:#D90000;font-size:14;}label:globalStyles;label:globalStyles;",
      }
    }
  />,
  <RootHeader>
    <header
      className="css-13jirna-RootHeader e1isgil50"
    >
      <Root>
        <div
          className="css-14jo2cv-Root e1r6iq2i0"
        >
          <H3>
            <h3
              className="css-16ij0sm-H3 e1r6iq2i1"
            >
              Julian Hernandez
            </h3>
          </H3>
          <H6>
            <h6
              className="css-mz7w21-H6 e1r6iq2i2"
            >
              Full Stack Software Developer
            </h6>
          </H6>
        </div>
      </Root>
      <Root>
        <div
          className="css-wjqisa-Root e1x2x8qm0"
        >
          <Root>
            <div
              className="css-u96gbo-Root e1uo4w6s0"
            >
              <EmotionCssPropInternal
                __EMOTION_LABEL_PLEASE_DO_NOT_USE__="AnchorTag"
                __EMOTION_TYPE_PLEASE_DO_NOT_USE__="a"
                css={[Function]}
                href="/one/path"
                rel="noopener noreferrer"
                target={null}
              >
                <a
                  className="css-1566xl0-STYLES-STYLES"
                  href="/one/path"
                  rel="noopener noreferrer"
                  target={null}
                >
                  label 1
                </a>
              </EmotionCssPropInternal>
            </div>
          </Root>
        </div>
      </Root>
    </header>
  </RootHeader>,
]
`;
