// Jest Snapshot v1, https://goo.gl/fbAQLP

exports[`LabShowcase should match snapshot 1`] = `
<section
  class="css-1lzrryp-Root e1uula6j0"
>
  <a
    class="css-4yofyo-baseArticle-link-link"
    href="/path/1"
    rel="noopener noreferrer"
  >
    <article
      class="css-1dt8rsn-Article-baseArticle e1lgusa60"
    >
      <figure
        class="css-1t2crv9-Root-ImageLoader eeswxza0"
      >
        <img
          class="css-1k90mm3"
          src="http://image1.com"
        />
      </figure>
      <h3
        class="css-1brvuev-H3 e1lgusa63"
      >
        Title 1
      </h3>
    </article>
    <section
      class="css-1k4ntzt-TechRoot e1lgusa61"
    >
      <div
        class="css-if30yk-Tech e1lgusa62"
      >
        React
      </div>
      <div
        class="css-1h4zuz1-Tech e1lgusa62"
      >
        Python
      </div>
    </section>
  </a>
  <a
    class="css-4yofyo-baseArticle-link-link"
    href="/path/2"
    rel="noopener noreferrer"
  >
    <article
      class="css-1dt8rsn-Article-baseArticle e1lgusa60"
    >
      <figure
        class="css-1t2crv9-Root-ImageLoader eeswxza0"
      >
        <img
          class="css-1k90mm3"
          src="http://image2.com"
        />
      </figure>
      <h3
        class="css-1brvuev-H3 e1lgusa63"
      >
        Title 2
      </h3>
    </article>
    <section
      class="css-1k4ntzt-TechRoot e1lgusa61"
    >
      <div
        class="css-if30yk-Tech e1lgusa62"
      >
        Ruby
      </div>
      <div
        class="css-1h4zuz1-Tech e1lgusa62"
      >
        Go
      </div>
    </section>
  </a>
</section>
`;
