// Jest Snapshot v1, https://goo.gl/fbAQLP

exports[`PageNav matches snapshot 1`] = `
Array [
  <ForwardRef(render)
    styles={[Function]}
  />,
  <Root>
    <nav
      className="css-1p2mroz-Root e8olbbk0"
    >
      <H2>
        <h2
          className="css-yu1g52-H2 e8olbbk1"
        >
          Infinite Scroller
        </h2>
      </H2>
      <ConnectFunction>
        <Root>
          <div
            className="css-1o7hb61-Root el5yv3l0"
          >
            <label
              htmlFor="scroller-type"
            >
              Scroller Re-Fetch Method:
            </label>
            <select
              id="scroller-type"
              onChange={[Function]}
              value="containerScrollHeights"
            >
              <option
                key="intersectionObserver"
                value="intersectionObserver"
              >
                Intersection Observer with Sentinel
              </option>
              <option
                key="containerScrollHeights"
                value="containerScrollHeights"
              >
                Container scrollHeight and scrollTop
              </option>
              <option
                key="sentinelClientRect"
                value="sentinelClientRect"
              >
                Sentinel bounding client rectangle
              </option>
            </select>
          </div>
        </Root>
      </ConnectFunction>
    </nav>
  </Root>,
]
`;
