// Jest Snapshot v1, https://goo.gl/fbAQLP

exports[`ScrollerSelector snapshots matches with all props 1`] = `
Array [
  <ForwardRef(render)
    styles={
      Object {
        "map": undefined,
        "name": "1n3w7e7-globalStyles-globalStyles",
        "next": undefined,
        "styles": "body{color:#222222,lineHeight 1.3em;font-size:18px;}input,textarea{border:2px solid #BBB;background:#f7f7f7;border-radius:5px;font-size:20px;}input,textarea{border:1px solid #BBB;background:#f7f7f7;font-size:1.1em;padding:4px 8px;}p,h1,h2,h3,h4,h5,h6,figure{margin:0;}h1,h2,h3,h4,h5,h6{color:#9B1518;}p{padding:.8em 0;line-height:1.4em;}h1{font-size:36px;margin:50px 0 40px;}h2{line-height:1.4em;font-size:30px;font-weight:600;margin:40px 0 30px;}h3{font-size:24px;font-weight:600;margin:30px 0 30px;}h4{line-height:1.3em;font-size:18px;}h5{font-size:12px;}h6{font-size:8px;}code{color:#D90000;font-size:14;}label:globalStyles;label:globalStyles;",
      }
    }
  />,
  <Root>
    <div
      className="css-1o7hb61-Root el5yv3l0"
    >
      <label
        htmlFor="scroller-type"
      >
        Scroller Re-Fetch Method:
      </label>
      <select
        id="scroller-type"
        onChange={[Function]}
        value="intersectionObserver"
      >
        <option
          key="intersectionObserver"
          value="intersectionObserver"
        >
          Intersection Observer with Sentinel
        </option>
        <option
          key="containerScrollHeights"
          value="containerScrollHeights"
        >
          Container scrollHeight and scrollTop
        </option>
        <option
          key="sentinelClientRect"
          value="sentinelClientRect"
        >
          Sentinel bounding client rectangle
        </option>
      </select>
    </div>
  </Root>,
]
`;
